---
source: src/config/tests.rs
expression: conf
---
Config {
    projects: [
        Project {
            name: "example",
            config: ProjectConfig {
                package_name: "example",
                site_addr: 127.0.0.1:3000,
                site_root: "target/site",
                site_pkg_dir: "pkg",
                style_file: Some(
                    "style/main.scss",
                ),
                assets_dir: Some(
                    "assets",
                ),
                reload_port: 3001,
                end2end_cmd: Some(
                    "npx playwright test",
                ),
                end2end_dir: None,
                browserquery: "defaults",
                bin_target: None,
            },
            front_package: "example ..",
            front_profile: "debug",
            server_package: "example ..",
            server_target: "example (bin) ..",
            server_profile: "debug",
            watch: true,
            site: Site {
                file_reg: {},
                ext_file_reg: {},
            },
            paths: ProjectPaths {
                lib_crate_name: "example",
                site_root: "target/site",
                site_pkg_dir: "target/site/pkg",
                front_dir: ".",
                server_dir: ".",
                target_dir: "target",
                wasm_file: SourcedSiteFile {
                    source: "target/front/wasm32-unknown-unknown/debug/example",
                    dest: "target/site/pkg/example.wasm",
                    site: "pkg/example.wasm",
                },
                js_file: SiteFile {
                    dest: "target/site/pkg/example.js",
                    site: "pkg/example.js",
                },
                style_file: Some(
                    SourcedSiteFile {
                        source: "./style/main.scss",
                        dest: "target/site/pkg/example.css",
                        site: "pkg/example.css",
                    },
                ),
                assets_dir: Some(
                    "./assets",
                ),
                cargo_bin_file: "target/server/debug/example",
                ..
            },
            ..
        },
    ],
    cli: Opts {
        release: false,
        project: None,
        verbose: 0,
    },
    watch: true,
}
