---
source: src/config/tests.rs
expression: conf
---
Config {
    projects: [
        Project {
            name: "project2",
            lib: LibPackage {
                name: "project2",
                dir: "project2",
                wasm_file: SourcedSiteFile {
                    source: "target/front/wasm32-unknown-unknown/debug/project2.wasm",
                    dest: "target/site/project2/pkg/project2.wasm",
                    site: "pkg/project2.wasm",
                },
                js_file: SiteFile {
                    dest: "target/site/project2/pkg/project2.js",
                    site: "pkg/project2.js",
                },
                features: [
                    "hydrate",
                ],
                default_features: false,
                output_name: "project2",
                ..
            },
            bin: BinPackage {
                name: "project2",
                dir: "project2",
                exe_file: "target/server/debug/project2",
                features: [
                    "ssr",
                ],
                ..
            },
            style: Some(
                StyleConfig {
                    file: SourcedSiteFile {
                        source: "project2/src/main.scss",
                        dest: "target/site/project2/pkg/project2.css",
                        site: "pkg/project2.css",
                    },
                    browserquery: "defaults",
                },
            ),
            watch: true,
            release: false,
            site: Site {
                addr: 127.0.0.1:3000,
                reload: 127.0.0.1:3001,
                root_dir: "target/site/project2",
                pkg_dir: "pkg",
                file_reg: {},
                ext_file_reg: {},
            },
            end2end: None,
            assets: Some(
                AssetsConfig {
                    dir: "project2/src/assets",
                },
            ),
        },
    ],
    cli: Opts {
        release: false,
        project: Some(
            "project2",
        ),
        lib_features: [],
        bin_features: [],
        verbose: 0,
    },
    watch: true,
}
