---
source: src/tests.rs
expression: site_dir.ls_ascii(0).unwrap_or_default()
---
site:
  project1:
    stuff.txt
    favicon.ico
    pkg:
      front_package.wasm
      front_package.css.map
      front_package.js
      front_package.css
  project2:
    favicon.ico
    pkg:
      project2.css.map
      project2.css
      project2.wasm
      project2.js
